positive     eigenvalues: [0.2 0.2 2.6]
independent  eigenvalues: [1. 1. 1.]
tradeoff     eigenvalues: [0.2 1.4 1.4]
mixed        eigenvalues: [0.3596 0.8178 1.8226]
{
  "import_smoke": {
    "modules": 50,
    "passed": true
  },
  "shared_core_and_model_bytes": {
    "graph.py": "f528ca4b7132902582f49e5ef59386a10e7c31e5ece17e65b217858a32f8e976",
    "label.py": "a01e17d1c72f89b0c39d9b9aea296b6bc1cfb55f6906671640444ddaa03bbd3f",
    "dominance.py": "2c386a885c92949a23f2111766478cf6970f5c19a2a021d9d1566c629c69f770",
    "mosp.py": "74b510cdb8ab4f2223ddf28951872d4744d520c190fa318ce016d3a62ec89f56",
    "brute_force.py": "920753b452ab23bb882c7e458bfc4107a98df429f221fa9ff9fa9fa2d66e53f5"
  },
  "formal_artifact_hashes": {
    "files": 90,
    "unchanged": true
  },
  "experiment_01": {
    "nodes": 100,
    "edges": 753,
    "pareto_counts": {
      "2": 2,
      "3": 2,
      "4": 3,
      "5": 3
    },
    "matches_saved_statistics": true
  },
  "experiment_02a": {
    "generation_matches_original": true,
    "matches_saved_statistics": true,
    "pareto_counts": {
      "-0.8": 3,
      "-0.4": 1,
      "0.0": 1,
      "0.4": 1,
      "0.8": 1
    }
  },
  "experiment_02b": {
    "generation_matches_original": true,
    "matches_saved_statistics": true,
    "pareto_counts": {
      "positive": 2,
      "independent": 2,
      "tradeoff": 2,
      "mixed": 2
    }
  },
  "experiment_03a": {
    "cases": 12,
    "generation_and_saved_statistics_match": true
  },
  "experiment_03b": {
    "cases": 18,
    "paired_costs_and_pareto_sets_equal": true,
    "saved_statistics_match": true
  },
  "taipei_metro": {
    "physical_stations": 119,
    "route_states": 150,
    "build_stats_match_original": true,
    "circular_line_included": true,
    "skipped_travel_rows": 0
  },
  "all_od_full_recomputation": {
    "files": {
      "all_od_pareto_routes.csv": 22052,
      "all_od_summary.csv": 14042,
      "destination_summary.csv": 119,
      "multi_pareto_od_pairs.csv": 5522,
      "origin_summary.csv": 119,
      "pareto_set_size_distribution.csv": 5,
      "source_mosp_statistics.csv": 119
    },
    "all_non_runtime_fields_exact_match": true
  }
}
WEB: 200 matched stations 119
All regression checks passed. Evidence: C:\Users\xAdmin\MOSP_project\MOSP_research\regression\checks.json

C:\Users\xAdmin\MOSP_project\MOSP_research\.venv\Lib\site-packages\fastapi\testclient.py:1: StarletteDeprecationWarning: Using `httpx` with `starlette.testclient` is deprecated; install `httpx2` instead.
  from starlette.testclient import TestClient as TestClient  # noqa
